// Jest Snapshot v1, https://goo.gl/fbAQLP

exports[`Card Component matches snapshot 1`] = `
<div>
  <div
    class="bg-white hover:shadow-lg transition-shadow duration-300 p-6 rounded-2xl flex flex-col gap-2 w-full border border-gray-200"
  >
    <div
      class="flex items-center justify-between text-gray-600"
    >
      <h3
        class="text-md font-semibold"
      >
        Open Tickets
      </h3>
      <div
        class="text-2xl text-indigo-500 cursor-pointer"
        data-testid="card-icon"
      >
        <svg
          fill="none"
          height="1em"
          stroke="currentColor"
          stroke-linecap="round"
          stroke-linejoin="round"
          stroke-width="2"
          viewBox="0 0 24 24"
          width="1em"
          xmlns="http://www.w3.org/2000/svg"
        >
          <circle
            cx="12"
            cy="12"
            r="10"
          />
          <line
            x1="12"
            x2="12"
            y1="8"
            y2="12"
          />
          <line
            x1="12"
            x2="12.01"
            y1="16"
            y2="16"
          />
        </svg>
      </div>
    </div>
    <div
      class="text-3xl font-bold text-gray-900"
    >
      5
    </div>
  </div>
</div>
`;
